// Jest Snapshot v1, https://goo.gl/fbAQLP

exports[`Quiz should match the snapshot 1`] = `
<fieldset>
  <QuizQuestion
    answers={
      Array [
        "lips",
        "eyes",
        "face/body",
        "nails",
      ]
    }
    handleChange={[Function]}
    id={1}
    key="1"
    name="interest"
    question="What is your primary interest?"
  />
  <QuizQuestion
    answers={
      Array [
        "bronzed",
        "bold",
        "natural",
        "smokey",
      ]
    }
    handleChange={[Function]}
    id={2}
    key="2"
    name="style"
    question="What style speaks most to you?"
  />
  <QuizQuestion
    answers={
      Array [
        "cruelty free",
        "organic",
        "non-gmo",
        "vegan",
      ]
    }
    handleChange={[Function]}
    id={3}
    key="3"
    name="causes"
    question="What are your causes?"
  />
  <QuizQuestion
    answers={
      Array [
        "none",
        "some",
        "a bit",
        "absolute master",
      ]
    }
    handleChange={[Function]}
    id={4}
    key="4"
    name="experience"
    question="What is your previous experience using makeup"
  />
  <Link
    to="/results"
  >
    <button>
      submit answers
    </button>
  </Link>
</fieldset>
`;
