// Jest Snapshot v1, https://goo.gl/fbAQLP

exports[`Quiz should match the snapshot 1`] = `
<fieldset
  className="quiz-container"
>
  <h2
    className="quiz-headline"
  >
    Help Us Tailor Your Results To Suit Your Needs
  </h2>
  <QuizQuestion
    answers={
      Array [
        "lips",
        "eyes",
        "face/body",
        "nails",
      ]
    }
    handleChange={[Function]}
    id={1}
    key="1"
    name="interest"
    question="1. What is your primary area of interest?"
  />
  <QuizQuestion
    answers={
      Array [
        "bronzed",
        "bold",
        "natural",
        "smokey",
      ]
    }
    handleChange={[Function]}
    id={2}
    key="2"
    name="style"
    question="2. What style describes you best?"
  />
  <QuizQuestion
    answers={
      Array [
        "cruelty free",
        "organic",
        "non-gmo",
        "vegan",
      ]
    }
    handleChange={[Function]}
    id={3}
    key="3"
    name="causes"
    question="3. What causes do you care about?"
  />
  <QuizQuestion
    answers={
      Array [
        "none",
        "some",
        "a bit",
        "absolute master",
      ]
    }
    handleChange={[Function]}
    id={4}
    key="4"
    name="experience"
    question="4. What previous experience do you have using makeup?"
  />
  <Link
    to="/results"
  >
    <button
      className="button-quiz-submit"
    >
      submit answers
    </button>
  </Link>
</fieldset>
`;
