// Jest Snapshot v1, https://goo.gl/fbAQLP

exports[`QuizQuestion should match the snapshot with all data passed in correctly 1`] = `
<article
  className="quiz-question-full"
>
  <h3
    className="quiz-question"
  >
    What is your primary interest?
  </h3>
  <div
    className="quiz-question-answers"
    key="undefined0"
  >
    <input
      name="interests"
      onChange={[MockFunction]}
      type="radio"
      value="lips"
    />
    <label
      htmlFor="lips"
    >
      lips
    </label>
  </div>
  <div
    className="quiz-question-answers"
    key="undefined1"
  >
    <input
      name="interests"
      onChange={[MockFunction]}
      type="radio"
      value="eyes"
    />
    <label
      htmlFor="eyes"
    >
      eyes
    </label>
  </div>
</article>
`;
