// Jest Snapshot v1, https://goo.gl/fbAQLP

exports[`App should match the snapshot 1`] = `
<main
  className="main"
>
  <Nav />
  <Route
    component={[Function]}
    exact={true}
    path="/"
  />
  <Route
    component={
      Object {
        "$$typeof": Symbol(react.memo),
        "WrappedComponent": [Function],
        "compare": null,
        "displayName": "Connect(Quiz)",
        "type": [Function],
      }
    }
    path="/quiz"
  />
  <Route
    component={
      Object {
        "$$typeof": Symbol(react.memo),
        "WrappedComponent": [Function],
        "compare": null,
        "displayName": "Connect(ResultsPage)",
        "type": [Function],
      }
    }
    path="/results"
  />
</main>
`;
