// Jest Snapshot v1, https://goo.gl/fbAQLP

exports[`WelcomePage should match the snapshot 1`] = `
<section
  className="welcome-page"
>
  <h2
    className="welcome-header"
  >
    Welcome to TAKEUP
  </h2>
  <h3>
    A guided makeup exploration experience built just for men.
  </h3>
  <h4
    className="welcome-experience"
  >
    No experience necessary.
  </h4>
  <p
    className="welcome-CTA"
  >
    To start, help us get to know you. Complete the short quiz so we can get you on your way.
  </p>
  <Link
    to="/quiz"
  >
    <button
      className="button-start-quiz"
    >
      START QUIZ
    </button>
  </Link>
</section>
`;
