// Jest Snapshot v1, https://goo.gl/fbAQLP

exports[`Nav should match the snapshot 1`] = `
<nav>
  <div
    className="logo-lockup"
  >
    <header>
      <img
        alt="logo"
        className="logo-image"
        src="https://image.flaticon.com/icons/png/512/2081/2081669.png"
      />
      <Link
        to="/"
      >
        <h1
          className="logo"
        >
          TAKEUP
        </h1>
      </Link>
    </header>
    <h2
      className="tagline"
    >
      a makeup exploration tool for men
    </h2>
  </div>
  <NavLink
    className="nav-menu"
    onClick={[Function]}
    to="/"
  >
     start over 
  </NavLink>
</nav>
`;
